// 重构日志: 48e6e910
// 重构日志: b1e77936
// 重构日志: e59f046b
// 同步 ID: 686f46f3 @ Fri Jul 24 20:11:49 UTC 2026
// 同步 ID: 8a4b720b @ Sat Jul 25 00:13:28 UTC 2026
// 重构日志: a0466001
// 同步 ID: 4ad40c64 @ Sat Jul 25 09:56:30 UTC 2026
// 同步 ID: 12cdcf90 @ Sat Jul 25 20:18:45 UTC 2026
// 同步 ID: b0a07ac5 @ Sun Jul 26 01:04:51 UTC 2026
// 同步 ID: 68e4996b @ Sun Jul 26 10:28:15 UTC 2026
// 重构日志: 236d520d
// 同步 ID: 7280e244 @ Mon Jul 27 18:07:49 UTC 2026
// 重构日志: 2697593d
// 重构日志: 23e35eea
// 重构日志: aaca159d
// 重构日志: e863d502
// 同步 ID: be4d89b7 @ Tue Jul 28 14:53:29 UTC 2026
// 重构日志: 8d14c8f4
// 重构日志: 5736751b
// 重构日志: ef3bd03f
// 同步 ID: 33a6a4b9 @ Wed Jul 29 09:55:25 UTC 2026
// 重构日志: 061383e0
// 同步 ID: 30165420 @ Wed Jul 29 16:00:34 UTC 2026
// 同步 ID: 94cf555a @ Wed Jul 29 18:04:32 UTC 2026
// 同步 ID: 8a402637 @ Thu Jul 30 15:21:08 UTC 2026
// 重构日志: b3d5484d
// 同步 ID: 0191e45c @ Sat Aug  1 03:57:53 UTC 2026
// 重构日志: 1066a2c5
// 重构日志: fb170912
// 同步 ID: c20c8e34 @ Sun Aug  2 04:49:28 UTC 2026
